Analysis & Synthesis report for couter0to5
Fri Jan 07 19:02:34 2022
Quartus Prime Version 20.1.1 Build 720 11/11/2020 SJ Lite Edition


---------------------
; Table of Contents ;
---------------------
  1. Legal Notice
  2. Analysis & Synthesis Summary
  3. Analysis & Synthesis Settings
  4. Parallel Compilation
  5. Analysis & Synthesis Source Files Read
  6. Analysis & Synthesis Resource Usage Summary
  7. Analysis & Synthesis Resource Utilization by Entity
  8. Logic Cells Representing Combinational Loops
  9. General Register Statistics
 10. Port Connectivity Checks: "t_ff:ff3"
 11. Port Connectivity Checks: "t_ff:ff2"
 12. Port Connectivity Checks: "t_ff:ff1"
 13. Port Connectivity Checks: "mix4to1:mix3"
 14. Port Connectivity Checks: "mix4to1:mix2"
 15. Port Connectivity Checks: "mix4to1:mix1"
 16. Post-Synthesis Netlist Statistics for Top Partition
 17. Elapsed Time Per Partition
 18. Analysis & Synthesis Messages



----------------
; Legal Notice ;
----------------
Copyright (C) 2020  Intel Corporation. All rights reserved.
Your use of Intel Corporation's design tools, logic functions 
and other software and tools, and any partner logic 
functions, and any output files from any of the foregoing 
(including device programming or simulation files), and any 
associated documentation or information are expressly subject 
to the terms and conditions of the Intel Program License 
Subscription Agreement, the Intel Quartus Prime License Agreement,
the Intel FPGA IP License Agreement, or other applicable license
agreement, including, without limitation, that your use is for
the sole purpose of programming logic devices manufactured by
Intel and sold by Intel or its authorized distributors.  Please
refer to the applicable agreement for further details, at
https://fpgasoftware.intel.com/eula.



+----------------------------------------------------------------------------------+
; Analysis & Synthesis Summary                                                     ;
+------------------------------------+---------------------------------------------+
; Analysis & Synthesis Status        ; Successful - Fri Jan 07 19:02:34 2022       ;
; Quartus Prime Version              ; 20.1.1 Build 720 11/11/2020 SJ Lite Edition ;
; Revision Name                      ; couter0to5                                  ;
; Top-level Entity Name              ; couter0to5                                  ;
; Family                             ; Cyclone IV E                                ;
; Total logic elements               ; 25                                          ;
;     Total combinational functions  ; 25                                          ;
;     Dedicated logic registers      ; 0                                           ;
; Total registers                    ; 0                                           ;
; Total pins                         ; 10                                          ;
; Total virtual pins                 ; 0                                           ;
; Total memory bits                  ; 0                                           ;
; Embedded Multiplier 9-bit elements ; 0                                           ;
; Total PLLs                         ; 0                                           ;
+------------------------------------+---------------------------------------------+


+------------------------------------------------------------------------------------------------------------+
; Analysis & Synthesis Settings                                                                              ;
+------------------------------------------------------------------+--------------------+--------------------+
; Option                                                           ; Setting            ; Default Value      ;
+------------------------------------------------------------------+--------------------+--------------------+
; Device                                                           ; EP4CE22F17C6       ;                    ;
; Top-level entity name                                            ; couter0to5         ; couter0to5         ;
; Family name                                                      ; Cyclone IV E       ; Cyclone V          ;
; Use smart compilation                                            ; Off                ; Off                ;
; Enable parallel Assembler and Timing Analyzer during compilation ; On                 ; On                 ;
; Enable compact report table                                      ; Off                ; Off                ;
; Restructure Multiplexers                                         ; Auto               ; Auto               ;
; Create Debugging Nodes for IP Cores                              ; Off                ; Off                ;
; Preserve fewer node names                                        ; On                 ; On                 ;
; Intel FPGA IP Evaluation Mode                                    ; Enable             ; Enable             ;
; Verilog Version                                                  ; Verilog_2001       ; Verilog_2001       ;
; VHDL Version                                                     ; VHDL_1993          ; VHDL_1993          ;
; State Machine Processing                                         ; Auto               ; Auto               ;
; Safe State Machine                                               ; Off                ; Off                ;
; Extract Verilog State Machines                                   ; On                 ; On                 ;
; Extract VHDL State Machines                                      ; On                 ; On                 ;
; Ignore Verilog initial constructs                                ; Off                ; Off                ;
; Iteration limit for constant Verilog loops                       ; 5000               ; 5000               ;
; Iteration limit for non-constant Verilog loops                   ; 250                ; 250                ;
; Add Pass-Through Logic to Inferred RAMs                          ; On                 ; On                 ;
; Infer RAMs from Raw Logic                                        ; On                 ; On                 ;
; Parallel Synthesis                                               ; On                 ; On                 ;
; DSP Block Balancing                                              ; Auto               ; Auto               ;
; NOT Gate Push-Back                                               ; On                 ; On                 ;
; Power-Up Don't Care                                              ; On                 ; On                 ;
; Remove Redundant Logic Cells                                     ; Off                ; Off                ;
; Remove Duplicate Registers                                       ; On                 ; On                 ;
; Ignore CARRY Buffers                                             ; Off                ; Off                ;
; Ignore CASCADE Buffers                                           ; Off                ; Off                ;
; Ignore GLOBAL Buffers                                            ; Off                ; Off                ;
; Ignore ROW GLOBAL Buffers                                        ; Off                ; Off                ;
; Ignore LCELL Buffers                                             ; Off                ; Off                ;
; Ignore SOFT Buffers                                              ; On                 ; On                 ;
; Limit AHDL Integers to 32 Bits                                   ; Off                ; Off                ;
; Optimization Technique                                           ; Balanced           ; Balanced           ;
; Carry Chain Length                                               ; 70                 ; 70                 ;
; Auto Carry Chains                                                ; On                 ; On                 ;
; Auto Open-Drain Pins                                             ; On                 ; On                 ;
; Perform WYSIWYG Primitive Resynthesis                            ; Off                ; Off                ;
; Auto ROM Replacement                                             ; On                 ; On                 ;
; Auto RAM Replacement                                             ; On                 ; On                 ;
; Auto DSP Block Replacement                                       ; On                 ; On                 ;
; Auto Shift Register Replacement                                  ; Auto               ; Auto               ;
; Allow Shift Register Merging across Hierarchies                  ; Auto               ; Auto               ;
; Auto Clock Enable Replacement                                    ; On                 ; On                 ;
; Strict RAM Replacement                                           ; Off                ; Off                ;
; Allow Synchronous Control Signals                                ; On                 ; On                 ;
; Force Use of Synchronous Clear Signals                           ; Off                ; Off                ;
; Auto RAM Block Balancing                                         ; On                 ; On                 ;
; Auto RAM to Logic Cell Conversion                                ; Off                ; Off                ;
; Auto Resource Sharing                                            ; Off                ; Off                ;
; Allow Any RAM Size For Recognition                               ; Off                ; Off                ;
; Allow Any ROM Size For Recognition                               ; Off                ; Off                ;
; Allow Any Shift Register Size For Recognition                    ; Off                ; Off                ;
; Use LogicLock Constraints during Resource Balancing              ; On                 ; On                 ;
; Ignore translate_off and synthesis_off directives                ; Off                ; Off                ;
; Timing-Driven Synthesis                                          ; On                 ; On                 ;
; Report Parameter Settings                                        ; On                 ; On                 ;
; Report Source Assignments                                        ; On                 ; On                 ;
; Report Connectivity Checks                                       ; On                 ; On                 ;
; Ignore Maximum Fan-Out Assignments                               ; Off                ; Off                ;
; Synchronization Register Chain Length                            ; 2                  ; 2                  ;
; Power Optimization During Synthesis                              ; Normal compilation ; Normal compilation ;
; HDL message level                                                ; Level2             ; Level2             ;
; Suppress Register Optimization Related Messages                  ; Off                ; Off                ;
; Number of Removed Registers Reported in Synthesis Report         ; 5000               ; 5000               ;
; Number of Swept Nodes Reported in Synthesis Report               ; 5000               ; 5000               ;
; Number of Inverted Registers Reported in Synthesis Report        ; 100                ; 100                ;
; Clock MUX Protection                                             ; On                 ; On                 ;
; Auto Gated Clock Conversion                                      ; Off                ; Off                ;
; Block Design Naming                                              ; Auto               ; Auto               ;
; SDC constraint protection                                        ; Off                ; Off                ;
; Synthesis Effort                                                 ; Auto               ; Auto               ;
; Shift Register Replacement - Allow Asynchronous Clear Signal     ; On                 ; On                 ;
; Pre-Mapping Resynthesis Optimization                             ; Off                ; Off                ;
; Analysis & Synthesis Message Level                               ; Medium             ; Medium             ;
; Disable Register Merging Across Hierarchies                      ; Auto               ; Auto               ;
; Resource Aware Inference For Block RAM                           ; On                 ; On                 ;
+------------------------------------------------------------------+--------------------+--------------------+


+------------------------------------------+
; Parallel Compilation                     ;
+----------------------------+-------------+
; Processors                 ; Number      ;
+----------------------------+-------------+
; Number detected on machine ; 4           ;
; Maximum allowed            ; 2           ;
;                            ;             ;
; Average used               ; 1.00        ;
; Maximum used               ; 1           ;
;                            ;             ;
; Usage by Processor         ; % Time Used ;
;     Processor 1            ; 100.0%      ;
+----------------------------+-------------+


+-----------------------------------------------------------------------------------------------------------------------------------------------------+
; Analysis & Synthesis Source Files Read                                                                                                              ;
+----------------------------------+-----------------+------------------------------------+-------------------------------------------------+---------+
; File Name with User-Entered Path ; Used in Netlist ; File Type                          ; File Name with Absolute Path                    ; Library ;
+----------------------------------+-----------------+------------------------------------+-------------------------------------------------+---------+
; up_logic.sv                      ; yes             ; User SystemVerilog HDL File        ; C:/Users/ahmed/Desktop/New folder/up_logic.sv   ;         ;
; down_logic.sv                    ; yes             ; User SystemVerilog HDL File        ; C:/Users/ahmed/Desktop/New folder/down_logic.sv ;         ;
; couter0to5.sv                    ; yes             ; User SystemVerilog HDL File        ; C:/Users/ahmed/Desktop/New folder/couter0to5.sv ;         ;
; mix4to1.sv                       ; yes             ; Auto-Found SystemVerilog HDL File  ; C:/Users/ahmed/Desktop/New folder/mix4to1.sv    ;         ;
; t_ff.sv                          ; yes             ; Auto-Found SystemVerilog HDL File  ; C:/Users/ahmed/Desktop/New folder/t_ff.sv       ;         ;
; d_ff.sv                          ; yes             ; Auto-Found SystemVerilog HDL File  ; C:/Users/ahmed/Desktop/New folder/d_ff.sv       ;         ;
; mix1.sv                          ; yes             ; Auto-Found SystemVerilog HDL File  ; C:/Users/ahmed/Desktop/New folder/mix1.sv       ;         ;
+----------------------------------+-----------------+------------------------------------+-------------------------------------------------+---------+


+------------------------------------------------------------------------+
; Analysis & Synthesis Resource Usage Summary                            ;
+---------------------------------------------+--------------------------+
; Resource                                    ; Usage                    ;
+---------------------------------------------+--------------------------+
; Estimated Total logic elements              ; 25                       ;
;                                             ;                          ;
; Total combinational functions               ; 25                       ;
; Logic element usage by number of LUT inputs ;                          ;
;     -- 4 input functions                    ; 20                       ;
;     -- 3 input functions                    ; 4                        ;
;     -- <=2 input functions                  ; 1                        ;
;                                             ;                          ;
; Logic elements by mode                      ;                          ;
;     -- normal mode                          ; 25                       ;
;     -- arithmetic mode                      ; 0                        ;
;                                             ;                          ;
; Total registers                             ; 0                        ;
;     -- Dedicated logic registers            ; 0                        ;
;     -- I/O registers                        ; 0                        ;
;                                             ;                          ;
; I/O pins                                    ; 10                       ;
;                                             ;                          ;
; Embedded Multiplier 9-bit elements          ; 0                        ;
;                                             ;                          ;
; Maximum fan-out node                        ; t_ff:ff2|d_ff:ff|nand5~0 ;
; Maximum fan-out                             ; 8                        ;
; Total fan-out                               ; 107                      ;
; Average fan-out                             ; 2.38                     ;
+---------------------------------------------+--------------------------+


+-------------------------------------------------------------------------------------------------------------------------------------------------------------------------------------------------------------------+
; Analysis & Synthesis Resource Utilization by Entity                                                                                                                                                               ;
+----------------------------+---------------------+---------------------------+-------------+--------------+---------+-----------+------+--------------+------------------------------+-------------+--------------+
; Compilation Hierarchy Node ; Combinational ALUTs ; Dedicated Logic Registers ; Memory Bits ; DSP Elements ; DSP 9x9 ; DSP 18x18 ; Pins ; Virtual Pins ; Full Hierarchy Name          ; Entity Name ; Library Name ;
+----------------------------+---------------------+---------------------------+-------------+--------------+---------+-----------+------+--------------+------------------------------+-------------+--------------+
; |couter0to5                ; 25 (0)              ; 0 (0)                     ; 0           ; 0            ; 0       ; 0         ; 10   ; 0            ; |couter0to5                  ; couter0to5  ; work         ;
;    |mix1:mix11|            ; 1 (1)               ; 0 (0)                     ; 0           ; 0            ; 0       ; 0         ; 0    ; 0            ; |couter0to5|mix1:mix11       ; mix1        ; work         ;
;    |mix1:mix12|            ; 1 (1)               ; 0 (0)                     ; 0           ; 0            ; 0       ; 0         ; 0    ; 0            ; |couter0to5|mix1:mix12       ; mix1        ; work         ;
;    |mix1:mix13|            ; 1 (1)               ; 0 (0)                     ; 0           ; 0            ; 0       ; 0         ; 0    ; 0            ; |couter0to5|mix1:mix13       ; mix1        ; work         ;
;    |mix4to1:mix3|          ; 3 (3)               ; 0 (0)                     ; 0           ; 0            ; 0       ; 0         ; 0    ; 0            ; |couter0to5|mix4to1:mix3     ; mix4to1     ; work         ;
;    |t_ff:ff1|              ; 5 (0)               ; 0 (0)                     ; 0           ; 0            ; 0       ; 0         ; 0    ; 0            ; |couter0to5|t_ff:ff1         ; t_ff        ; work         ;
;       |d_ff:ff|            ; 5 (5)               ; 0 (0)                     ; 0           ; 0            ; 0       ; 0         ; 0    ; 0            ; |couter0to5|t_ff:ff1|d_ff:ff ; d_ff        ; work         ;
;    |t_ff:ff2|              ; 10 (0)              ; 0 (0)                     ; 0           ; 0            ; 0       ; 0         ; 0    ; 0            ; |couter0to5|t_ff:ff2         ; t_ff        ; work         ;
;       |d_ff:ff|            ; 10 (10)             ; 0 (0)                     ; 0           ; 0            ; 0       ; 0         ; 0    ; 0            ; |couter0to5|t_ff:ff2|d_ff:ff ; d_ff        ; work         ;
;    |t_ff:ff3|              ; 4 (0)               ; 0 (0)                     ; 0           ; 0            ; 0       ; 0         ; 0    ; 0            ; |couter0to5|t_ff:ff3         ; t_ff        ; work         ;
;       |d_ff:ff|            ; 4 (4)               ; 0 (0)                     ; 0           ; 0            ; 0       ; 0         ; 0    ; 0            ; |couter0to5|t_ff:ff3|d_ff:ff ; d_ff        ; work         ;
+----------------------------+---------------------+---------------------------+-------------+--------------+---------+-----------+------+--------------+------------------------------+-------------+--------------+
Note: For table entries with two numbers listed, the numbers in parentheses indicate the number of resources of the given type used by the specific entity alone. The numbers listed outside of parentheses indicate the total resources of the given type used by the specific entity and all of its sub-entities in the hierarchy.


+------------------------------------------------------------+
; Logic Cells Representing Combinational Loops               ;
+--------------------------------------------------------+---+
; Logic Cell Name                                        ;   ;
+--------------------------------------------------------+---+
; t_ff:ff1|d_ff:ff|Q~0                                   ;   ;
; t_ff:ff2|d_ff:ff|Q~0                                   ;   ;
; t_ff:ff3|d_ff:ff|Q~0                                   ;   ;
; t_ff:ff1|d_ff:ff|nand1~0                               ;   ;
; t_ff:ff1|d_ff:ff|nand1~1                               ;   ;
; t_ff:ff2|d_ff:ff|nand1~0                               ;   ;
; t_ff:ff2|d_ff:ff|nand1~1                               ;   ;
; t_ff:ff3|d_ff:ff|nand1~0                               ;   ;
; t_ff:ff3|d_ff:ff|nand1~1                               ;   ;
; Number of logic cells representing combinational loops ; 9 ;
+--------------------------------------------------------+---+
Note: All cells listed above may not be present at the end of synthesis due to various synthesis optimizations.


+------------------------------------------------------+
; General Register Statistics                          ;
+----------------------------------------------+-------+
; Statistic                                    ; Value ;
+----------------------------------------------+-------+
; Total registers                              ; 0     ;
; Number of registers using Synchronous Clear  ; 0     ;
; Number of registers using Synchronous Load   ; 0     ;
; Number of registers using Asynchronous Clear ; 0     ;
; Number of registers using Asynchronous Load  ; 0     ;
; Number of registers using Clock Enable       ; 0     ;
; Number of registers using Preset             ; 0     ;
+----------------------------------------------+-------+


+----------------------------------------------------------------------------------------------------------------+
; Port Connectivity Checks: "t_ff:ff3"                                                                           ;
+------+--------+----------+-------------------------------------------------------------------------------------+
; Port ; Type   ; Severity ; Details                                                                             ;
+------+--------+----------+-------------------------------------------------------------------------------------+
; Qbar ; Output ; Info     ; Connected to dangling logic. Logic that only feeds a dangling port will be removed. ;
+------+--------+----------+-------------------------------------------------------------------------------------+


+----------------------------------------------------------------------------------------------------------------+
; Port Connectivity Checks: "t_ff:ff2"                                                                           ;
+------+--------+----------+-------------------------------------------------------------------------------------+
; Port ; Type   ; Severity ; Details                                                                             ;
+------+--------+----------+-------------------------------------------------------------------------------------+
; Qbar ; Output ; Info     ; Connected to dangling logic. Logic that only feeds a dangling port will be removed. ;
+------+--------+----------+-------------------------------------------------------------------------------------+


+----------------------------------------------------------------------------------------------------------------+
; Port Connectivity Checks: "t_ff:ff1"                                                                           ;
+------+--------+----------+-------------------------------------------------------------------------------------+
; Port ; Type   ; Severity ; Details                                                                             ;
+------+--------+----------+-------------------------------------------------------------------------------------+
; Qbar ; Output ; Info     ; Connected to dangling logic. Logic that only feeds a dangling port will be removed. ;
+------+--------+----------+-------------------------------------------------------------------------------------+


+------------------------------------------+
; Port Connectivity Checks: "mix4to1:mix3" ;
+------+-------+----------+----------------+
; Port ; Type  ; Severity ; Details        ;
+------+-------+----------+----------------+
; d    ; Input ; Info     ; Stuck at GND   ;
+------+-------+----------+----------------+


+------------------------------------------+
; Port Connectivity Checks: "mix4to1:mix2" ;
+------+-------+----------+----------------+
; Port ; Type  ; Severity ; Details        ;
+------+-------+----------+----------------+
; d    ; Input ; Info     ; Stuck at GND   ;
+------+-------+----------+----------------+


+------------------------------------------+
; Port Connectivity Checks: "mix4to1:mix1" ;
+------+-------+----------+----------------+
; Port ; Type  ; Severity ; Details        ;
+------+-------+----------+----------------+
; d    ; Input ; Info     ; Stuck at GND   ;
+------+-------+----------+----------------+


+-----------------------------------------------------+
; Post-Synthesis Netlist Statistics for Top Partition ;
+-----------------------+-----------------------------+
; Type                  ; Count                       ;
+-----------------------+-----------------------------+
; boundary_port         ; 10                          ;
; cycloneiii_lcell_comb ; 25                          ;
;     normal            ; 25                          ;
;         2 data inputs ; 1                           ;
;         3 data inputs ; 4                           ;
;         4 data inputs ; 20                          ;
;                       ;                             ;
; Max LUT depth         ; 5.00                        ;
; Average LUT depth     ; 3.49                        ;
+-----------------------+-----------------------------+


+-------------------------------+
; Elapsed Time Per Partition    ;
+----------------+--------------+
; Partition Name ; Elapsed Time ;
+----------------+--------------+
; Top            ; 00:00:01     ;
+----------------+--------------+


+-------------------------------+
; Analysis & Synthesis Messages ;
+-------------------------------+
Info: *******************************************************************
Info: Running Quartus Prime Analysis & Synthesis
    Info: Version 20.1.1 Build 720 11/11/2020 SJ Lite Edition
    Info: Processing started: Fri Jan 07 19:02:20 2022
Info: Command: quartus_map --read_settings_files=on --write_settings_files=off couter0to5 -c couter0to5
Warning (18236): Number of processors has not been specified which may cause overloading on shared machines.  Set the global assignment NUM_PARALLEL_PROCESSORS in your QSF to an appropriate value for best performance.
Info (20030): Parallel compilation is enabled and will use 2 of the 2 processors detected
Info (12021): Found 1 design units, including 1 entities, in source file up_logic.sv
    Info (12023): Found entity 1: up_logic File: C:/Users/ahmed/Desktop/New folder/up_logic.sv Line: 1
Info (12021): Found 1 design units, including 1 entities, in source file down_logic.sv
    Info (12023): Found entity 1: down_logic File: C:/Users/ahmed/Desktop/New folder/down_logic.sv Line: 1
Info (12021): Found 1 design units, including 1 entities, in source file couter0to5.sv
    Info (12023): Found entity 1: couter0to5 File: C:/Users/ahmed/Desktop/New folder/couter0to5.sv Line: 17
Warning (10236): Verilog HDL Implicit Net warning at up_logic.sv(3): created implicit net for "A2bar" File: C:/Users/ahmed/Desktop/New folder/up_logic.sv Line: 3
Warning (10236): Verilog HDL Implicit Net warning at up_logic.sv(9): created implicit net for "n2" File: C:/Users/ahmed/Desktop/New folder/up_logic.sv Line: 9
Warning (10236): Verilog HDL Implicit Net warning at up_logic.sv(10): created implicit net for "n1" File: C:/Users/ahmed/Desktop/New folder/up_logic.sv Line: 10
Warning (10236): Verilog HDL Implicit Net warning at down_logic.sv(3): created implicit net for "A0bar" File: C:/Users/ahmed/Desktop/New folder/down_logic.sv Line: 3
Warning (10236): Verilog HDL Implicit Net warning at down_logic.sv(4): created implicit net for "A1bar" File: C:/Users/ahmed/Desktop/New folder/down_logic.sv Line: 4
Warning (10236): Verilog HDL Implicit Net warning at down_logic.sv(8): created implicit net for "n1" File: C:/Users/ahmed/Desktop/New folder/down_logic.sv Line: 8
Warning (10236): Verilog HDL Implicit Net warning at down_logic.sv(9): created implicit net for "n2" File: C:/Users/ahmed/Desktop/New folder/down_logic.sv Line: 9
Warning (10236): Verilog HDL Implicit Net warning at down_logic.sv(12): created implicit net for "n3" File: C:/Users/ahmed/Desktop/New folder/down_logic.sv Line: 12
Warning (10236): Verilog HDL Implicit Net warning at down_logic.sv(13): created implicit net for "n4" File: C:/Users/ahmed/Desktop/New folder/down_logic.sv Line: 13
Warning (10236): Verilog HDL Implicit Net warning at down_logic.sv(14): created implicit net for "n5" File: C:/Users/ahmed/Desktop/New folder/down_logic.sv Line: 14
Warning (10236): Verilog HDL Implicit Net warning at couter0to5.sv(25): created implicit net for "T0down" File: C:/Users/ahmed/Desktop/New folder/couter0to5.sv Line: 25
Warning (10236): Verilog HDL Implicit Net warning at couter0to5.sv(25): created implicit net for "T1down" File: C:/Users/ahmed/Desktop/New folder/couter0to5.sv Line: 25
Warning (10236): Verilog HDL Implicit Net warning at couter0to5.sv(25): created implicit net for "T2down" File: C:/Users/ahmed/Desktop/New folder/couter0to5.sv Line: 25
Warning (10236): Verilog HDL Implicit Net warning at couter0to5.sv(27): created implicit net for "T0up" File: C:/Users/ahmed/Desktop/New folder/couter0to5.sv Line: 27
Warning (10236): Verilog HDL Implicit Net warning at couter0to5.sv(27): created implicit net for "T1up" File: C:/Users/ahmed/Desktop/New folder/couter0to5.sv Line: 27
Warning (10236): Verilog HDL Implicit Net warning at couter0to5.sv(27): created implicit net for "T2up" File: C:/Users/ahmed/Desktop/New folder/couter0to5.sv Line: 27
Warning (10236): Verilog HDL Implicit Net warning at couter0to5.sv(30): created implicit net for "T0" File: C:/Users/ahmed/Desktop/New folder/couter0to5.sv Line: 30
Warning (10236): Verilog HDL Implicit Net warning at couter0to5.sv(31): created implicit net for "T1" File: C:/Users/ahmed/Desktop/New folder/couter0to5.sv Line: 31
Warning (10236): Verilog HDL Implicit Net warning at couter0to5.sv(32): created implicit net for "T2" File: C:/Users/ahmed/Desktop/New folder/couter0to5.sv Line: 32
Warning (10236): Verilog HDL Implicit Net warning at couter0to5.sv(33): created implicit net for "A01" File: C:/Users/ahmed/Desktop/New folder/couter0to5.sv Line: 33
Warning (10236): Verilog HDL Implicit Net warning at couter0to5.sv(33): created implicit net for "A0bar" File: C:/Users/ahmed/Desktop/New folder/couter0to5.sv Line: 33
Warning (10236): Verilog HDL Implicit Net warning at couter0to5.sv(34): created implicit net for "A11" File: C:/Users/ahmed/Desktop/New folder/couter0to5.sv Line: 34
Warning (10236): Verilog HDL Implicit Net warning at couter0to5.sv(34): created implicit net for "A1bar" File: C:/Users/ahmed/Desktop/New folder/couter0to5.sv Line: 34
Warning (10236): Verilog HDL Implicit Net warning at couter0to5.sv(35): created implicit net for "A21" File: C:/Users/ahmed/Desktop/New folder/couter0to5.sv Line: 35
Warning (10236): Verilog HDL Implicit Net warning at couter0to5.sv(35): created implicit net for "A2bar" File: C:/Users/ahmed/Desktop/New folder/couter0to5.sv Line: 35
Info (12127): Elaborating entity "couter0to5" for the top level hierarchy
Info (12128): Elaborating entity "down_logic" for hierarchy "down_logic:d1" File: C:/Users/ahmed/Desktop/New folder/couter0to5.sv Line: 25
Info (12128): Elaborating entity "up_logic" for hierarchy "up_logic:up1" File: C:/Users/ahmed/Desktop/New folder/couter0to5.sv Line: 27
Warning (12125): Using design file mix4to1.sv, which is not specified as a design file for the current project, but contains definitions for 1 design units and 1 entities in project
    Info (12023): Found entity 1: mix4to1 File: C:/Users/ahmed/Desktop/New folder/mix4to1.sv Line: 1
Warning (10236): Verilog HDL Implicit Net warning at mix4to1.sv(7): created implicit net for "s0bar" File: C:/Users/ahmed/Desktop/New folder/mix4to1.sv Line: 7
Info (12128): Elaborating entity "mix4to1" for hierarchy "mix4to1:mix1" File: C:/Users/ahmed/Desktop/New folder/couter0to5.sv Line: 30
Warning (12125): Using design file t_ff.sv, which is not specified as a design file for the current project, but contains definitions for 1 design units and 1 entities in project
    Info (12023): Found entity 1: t_ff File: C:/Users/ahmed/Desktop/New folder/t_ff.sv Line: 1
Warning (10236): Verilog HDL Implicit Net warning at t_ff.sv(3): created implicit net for "D" File: C:/Users/ahmed/Desktop/New folder/t_ff.sv Line: 3
Info (12128): Elaborating entity "t_ff" for hierarchy "t_ff:ff1" File: C:/Users/ahmed/Desktop/New folder/couter0to5.sv Line: 33
Warning (12125): Using design file d_ff.sv, which is not specified as a design file for the current project, but contains definitions for 1 design units and 1 entities in project
    Info (12023): Found entity 1: d_ff File: C:/Users/ahmed/Desktop/New folder/d_ff.sv Line: 1
Warning (10236): Verilog HDL Implicit Net warning at d_ff.sv(3): created implicit net for "setbar" File: C:/Users/ahmed/Desktop/New folder/d_ff.sv Line: 3
Warning (10236): Verilog HDL Implicit Net warning at d_ff.sv(4): created implicit net for "resetbar" File: C:/Users/ahmed/Desktop/New folder/d_ff.sv Line: 4
Warning (10236): Verilog HDL Implicit Net warning at d_ff.sv(5): created implicit net for "t1" File: C:/Users/ahmed/Desktop/New folder/d_ff.sv Line: 5
Warning (10236): Verilog HDL Implicit Net warning at d_ff.sv(5): created implicit net for "t2" File: C:/Users/ahmed/Desktop/New folder/d_ff.sv Line: 5
Warning (10236): Verilog HDL Implicit Net warning at d_ff.sv(5): created implicit net for "t4" File: C:/Users/ahmed/Desktop/New folder/d_ff.sv Line: 5
Warning (10236): Verilog HDL Implicit Net warning at d_ff.sv(7): created implicit net for "t3" File: C:/Users/ahmed/Desktop/New folder/d_ff.sv Line: 7
Info (12128): Elaborating entity "d_ff" for hierarchy "t_ff:ff1|d_ff:ff" File: C:/Users/ahmed/Desktop/New folder/t_ff.sv Line: 4
Warning (12125): Using design file mix1.sv, which is not specified as a design file for the current project, but contains definitions for 1 design units and 1 entities in project
    Info (12023): Found entity 1: mix1 File: C:/Users/ahmed/Desktop/New folder/mix1.sv Line: 1
Info (12128): Elaborating entity "mix1" for hierarchy "mix1:mix11" File: C:/Users/ahmed/Desktop/New folder/couter0to5.sv Line: 37
Info (286030): Timing-Driven Synthesis is running
Info (16010): Generating hard_block partition "hard_block:auto_generated_inst"
    Info (16011): Adding 0 node(s), including 0 DDIO, 0 PLL, 0 transceiver and 0 LCELL
Info (21057): Implemented 35 device resources after synthesis - the final resource count might be different
    Info (21058): Implemented 7 input pins
    Info (21059): Implemented 3 output pins
    Info (21061): Implemented 25 logic cells
Info: Quartus Prime Analysis & Synthesis was successful. 0 errors, 38 warnings
    Info: Peak virtual memory: 4731 megabytes
    Info: Processing ended: Fri Jan 07 19:02:34 2022
    Info: Elapsed time: 00:00:14
    Info: Total CPU time (on all processors): 00:00:30


