Analysis & Synthesis report for highfsm
Fri Jan 07 19:43:14 2022
Quartus Prime Version 20.1.1 Build 720 11/11/2020 SJ Lite Edition


---------------------
; Table of Contents ;
---------------------
  1. Legal Notice
  2. Analysis & Synthesis Summary
  3. Analysis & Synthesis Settings
  4. Parallel Compilation
  5. Analysis & Synthesis Source Files Read
  6. Analysis & Synthesis Resource Usage Summary
  7. Analysis & Synthesis Resource Utilization by Entity
  8. User-Specified and Inferred Latches
  9. Logic Cells Representing Combinational Loops
 10. Registers Removed During Synthesis
 11. General Register Statistics
 12. Inverted Register Statistics
 13. Parameter Settings for User Entity Instance: stopwatch:w|clkdiv:cd
 14. Port Connectivity Checks: "stopwatch:w|disp_hex_mux:seven4"
 15. Port Connectivity Checks: "stopwatch:w|couter0to5:c15|t_ff:ff3"
 16. Port Connectivity Checks: "stopwatch:w|couter0to5:c15|t_ff:ff2"
 17. Port Connectivity Checks: "stopwatch:w|couter0to5:c15|t_ff:ff1"
 18. Port Connectivity Checks: "stopwatch:w|couter0to5:c15|mix4to1:mix3"
 19. Port Connectivity Checks: "stopwatch:w|couter0to5:c15|mix4to1:mix2"
 20. Port Connectivity Checks: "stopwatch:w|couter0to5:c15|mix4to1:mix1"
 21. Port Connectivity Checks: "stopwatch:w|couter0to5:c15"
 22. Port Connectivity Checks: "stopwatch:w|counter9to0:c19|t_ff:ff4"
 23. Port Connectivity Checks: "stopwatch:w|counter9to0:c19|t_ff:ff3"
 24. Port Connectivity Checks: "stopwatch:w|counter9to0:c19|t_ff:ff2"
 25. Port Connectivity Checks: "stopwatch:w|counter9to0:c19|t_ff:ff1"
 26. Port Connectivity Checks: "stopwatch:w|counter9to0:c19|mix4to1:mix8"
 27. Port Connectivity Checks: "stopwatch:w|counter9to0:c19|mix4to1:mix7"
 28. Port Connectivity Checks: "stopwatch:w|counter9to0:c19|mix4to1:mix6"
 29. Port Connectivity Checks: "stopwatch:w|counter9to0:c19|mix4to1:mix5"
 30. Port Connectivity Checks: "stopwatch:w|counter9to0:c19"
 31. Port Connectivity Checks: "stopwatch:w|clkdiv:cd"
 32. Port Connectivity Checks: "counter:c"
 33. Post-Synthesis Netlist Statistics for Top Partition
 34. Elapsed Time Per Partition
 35. Analysis & Synthesis Messages
 36. Analysis & Synthesis Suppressed Messages



----------------
; Legal Notice ;
----------------
Copyright (C) 2020  Intel Corporation. All rights reserved.
Your use of Intel Corporation's design tools, logic functions 
and other software and tools, and any partner logic 
functions, and any output files from any of the foregoing 
(including device programming or simulation files), and any 
associated documentation or information are expressly subject 
to the terms and conditions of the Intel Program License 
Subscription Agreement, the Intel Quartus Prime License Agreement,
the Intel FPGA IP License Agreement, or other applicable license
agreement, including, without limitation, that your use is for
the sole purpose of programming logic devices manufactured by
Intel and sold by Intel or its authorized distributors.  Please
refer to the applicable agreement for further details, at
https://fpgasoftware.intel.com/eula.



+----------------------------------------------------------------------------------+
; Analysis & Synthesis Summary                                                     ;
+------------------------------------+---------------------------------------------+
; Analysis & Synthesis Status        ; Successful - Fri Jan 07 19:43:14 2022       ;
; Quartus Prime Version              ; 20.1.1 Build 720 11/11/2020 SJ Lite Edition ;
; Revision Name                      ; highfsm                                     ;
; Top-level Entity Name              ; highfsm                                     ;
; Family                             ; Cyclone IV E                                ;
; Total logic elements               ; 75                                          ;
;     Total combinational functions  ; 75                                          ;
;     Dedicated logic registers      ; 32                                          ;
; Total registers                    ; 32                                          ;
; Total pins                         ; 17                                          ;
; Total virtual pins                 ; 0                                           ;
; Total memory bits                  ; 0                                           ;
; Embedded Multiplier 9-bit elements ; 0                                           ;
; Total PLLs                         ; 0                                           ;
+------------------------------------+---------------------------------------------+


+------------------------------------------------------------------------------------------------------------+
; Analysis & Synthesis Settings                                                                              ;
+------------------------------------------------------------------+--------------------+--------------------+
; Option                                                           ; Setting            ; Default Value      ;
+------------------------------------------------------------------+--------------------+--------------------+
; Device                                                           ; EP4CE22F17C6       ;                    ;
; Top-level entity name                                            ; highfsm            ; highfsm            ;
; Family name                                                      ; Cyclone IV E       ; Cyclone V          ;
; Use smart compilation                                            ; Off                ; Off                ;
; Enable parallel Assembler and Timing Analyzer during compilation ; On                 ; On                 ;
; Enable compact report table                                      ; Off                ; Off                ;
; Restructure Multiplexers                                         ; Auto               ; Auto               ;
; Create Debugging Nodes for IP Cores                              ; Off                ; Off                ;
; Preserve fewer node names                                        ; On                 ; On                 ;
; Intel FPGA IP Evaluation Mode                                    ; Enable             ; Enable             ;
; Verilog Version                                                  ; Verilog_2001       ; Verilog_2001       ;
; VHDL Version                                                     ; VHDL_1993          ; VHDL_1993          ;
; State Machine Processing                                         ; Auto               ; Auto               ;
; Safe State Machine                                               ; Off                ; Off                ;
; Extract Verilog State Machines                                   ; On                 ; On                 ;
; Extract VHDL State Machines                                      ; On                 ; On                 ;
; Ignore Verilog initial constructs                                ; Off                ; Off                ;
; Iteration limit for constant Verilog loops                       ; 5000               ; 5000               ;
; Iteration limit for non-constant Verilog loops                   ; 250                ; 250                ;
; Add Pass-Through Logic to Inferred RAMs                          ; On                 ; On                 ;
; Infer RAMs from Raw Logic                                        ; On                 ; On                 ;
; Parallel Synthesis                                               ; On                 ; On                 ;
; DSP Block Balancing                                              ; Auto               ; Auto               ;
; NOT Gate Push-Back                                               ; On                 ; On                 ;
; Power-Up Don't Care                                              ; On                 ; On                 ;
; Remove Redundant Logic Cells                                     ; Off                ; Off                ;
; Remove Duplicate Registers                                       ; On                 ; On                 ;
; Ignore CARRY Buffers                                             ; Off                ; Off                ;
; Ignore CASCADE Buffers                                           ; Off                ; Off                ;
; Ignore GLOBAL Buffers                                            ; Off                ; Off                ;
; Ignore ROW GLOBAL Buffers                                        ; Off                ; Off                ;
; Ignore LCELL Buffers                                             ; Off                ; Off                ;
; Ignore SOFT Buffers                                              ; On                 ; On                 ;
; Limit AHDL Integers to 32 Bits                                   ; Off                ; Off                ;
; Optimization Technique                                           ; Balanced           ; Balanced           ;
; Carry Chain Length                                               ; 70                 ; 70                 ;
; Auto Carry Chains                                                ; On                 ; On                 ;
; Auto Open-Drain Pins                                             ; On                 ; On                 ;
; Perform WYSIWYG Primitive Resynthesis                            ; Off                ; Off                ;
; Auto ROM Replacement                                             ; On                 ; On                 ;
; Auto RAM Replacement                                             ; On                 ; On                 ;
; Auto DSP Block Replacement                                       ; On                 ; On                 ;
; Auto Shift Register Replacement                                  ; Auto               ; Auto               ;
; Allow Shift Register Merging across Hierarchies                  ; Auto               ; Auto               ;
; Auto Clock Enable Replacement                                    ; On                 ; On                 ;
; Strict RAM Replacement                                           ; Off                ; Off                ;
; Allow Synchronous Control Signals                                ; On                 ; On                 ;
; Force Use of Synchronous Clear Signals                           ; Off                ; Off                ;
; Auto RAM Block Balancing                                         ; On                 ; On                 ;
; Auto RAM to Logic Cell Conversion                                ; Off                ; Off                ;
; Auto Resource Sharing                                            ; Off                ; Off                ;
; Allow Any RAM Size For Recognition                               ; Off                ; Off                ;
; Allow Any ROM Size For Recognition                               ; Off                ; Off                ;
; Allow Any Shift Register Size For Recognition                    ; Off                ; Off                ;
; Use LogicLock Constraints during Resource Balancing              ; On                 ; On                 ;
; Ignore translate_off and synthesis_off directives                ; Off                ; Off                ;
; Timing-Driven Synthesis                                          ; On                 ; On                 ;
; Report Parameter Settings                                        ; On                 ; On                 ;
; Report Source Assignments                                        ; On                 ; On                 ;
; Report Connectivity Checks                                       ; On                 ; On                 ;
; Ignore Maximum Fan-Out Assignments                               ; Off                ; Off                ;
; Synchronization Register Chain Length                            ; 2                  ; 2                  ;
; Power Optimization During Synthesis                              ; Normal compilation ; Normal compilation ;
; HDL message level                                                ; Level2             ; Level2             ;
; Suppress Register Optimization Related Messages                  ; Off                ; Off                ;
; Number of Removed Registers Reported in Synthesis Report         ; 5000               ; 5000               ;
; Number of Swept Nodes Reported in Synthesis Report               ; 5000               ; 5000               ;
; Number of Inverted Registers Reported in Synthesis Report        ; 100                ; 100                ;
; Clock MUX Protection                                             ; On                 ; On                 ;
; Auto Gated Clock Conversion                                      ; Off                ; Off                ;
; Block Design Naming                                              ; Auto               ; Auto               ;
; SDC constraint protection                                        ; Off                ; Off                ;
; Synthesis Effort                                                 ; Auto               ; Auto               ;
; Shift Register Replacement - Allow Asynchronous Clear Signal     ; On                 ; On                 ;
; Pre-Mapping Resynthesis Optimization                             ; Off                ; Off                ;
; Analysis & Synthesis Message Level                               ; Medium             ; Medium             ;
; Disable Register Merging Across Hierarchies                      ; Auto               ; Auto               ;
; Resource Aware Inference For Block RAM                           ; On                 ; On                 ;
+------------------------------------------------------------------+--------------------+--------------------+


+------------------------------------------+
; Parallel Compilation                     ;
+----------------------------+-------------+
; Processors                 ; Number      ;
+----------------------------+-------------+
; Number detected on machine ; 4           ;
; Maximum allowed            ; 2           ;
;                            ;             ;
; Average used               ; 1.00        ;
; Maximum used               ; 2           ;
;                            ;             ;
; Usage by Processor         ; % Time Used ;
;     Processor 1            ; 100.0%      ;
;     Processor 2            ;   0.0%      ;
+----------------------------+-------------+


+-------------------------------------------------------------------------------------------------------------------------------------------------------+
; Analysis & Synthesis Source Files Read                                                                                                                ;
+----------------------------------+-----------------+------------------------------------+---------------------------------------------------+---------+
; File Name with User-Entered Path ; Used in Netlist ; File Type                          ; File Name with Absolute Path                      ; Library ;
+----------------------------------+-----------------+------------------------------------+---------------------------------------------------+---------+
; highfsm.sv                       ; yes             ; User SystemVerilog HDL File        ; C:/Users/ahmed/Desktop/New folder/highfsm.sv      ;         ;
; counter.sv                       ; yes             ; Auto-Found SystemVerilog HDL File  ; C:/Users/ahmed/Desktop/New folder/counter.sv      ;         ;
; stopwatch.sv                     ; yes             ; Auto-Found SystemVerilog HDL File  ; C:/Users/ahmed/Desktop/New folder/stopwatch.sv    ;         ;
; clkdiv.sv                        ; yes             ; Auto-Found SystemVerilog HDL File  ; C:/Users/ahmed/Desktop/New folder/clkdiv.sv       ;         ;
; counter9to0.sv                   ; yes             ; Auto-Found SystemVerilog HDL File  ; C:/Users/ahmed/Desktop/New folder/counter9to0.sv  ;         ;
; down_logic9.sv                   ; yes             ; Auto-Found SystemVerilog HDL File  ; C:/Users/ahmed/Desktop/New folder/down_logic9.sv  ;         ;
; up_logic9.sv                     ; yes             ; Auto-Found SystemVerilog HDL File  ; C:/Users/ahmed/Desktop/New folder/up_logic9.sv    ;         ;
; mix4to1.sv                       ; yes             ; Auto-Found SystemVerilog HDL File  ; C:/Users/ahmed/Desktop/New folder/mix4to1.sv      ;         ;
; t_ff.sv                          ; yes             ; Auto-Found SystemVerilog HDL File  ; C:/Users/ahmed/Desktop/New folder/t_ff.sv         ;         ;
; d_ff.sv                          ; yes             ; Auto-Found SystemVerilog HDL File  ; C:/Users/ahmed/Desktop/New folder/d_ff.sv         ;         ;
; mix1.sv                          ; yes             ; Auto-Found SystemVerilog HDL File  ; C:/Users/ahmed/Desktop/New folder/mix1.sv         ;         ;
; couter0to5.sv                    ; yes             ; Auto-Found SystemVerilog HDL File  ; C:/Users/ahmed/Desktop/New folder/couter0to5.sv   ;         ;
; down_logic.sv                    ; yes             ; Auto-Found SystemVerilog HDL File  ; C:/Users/ahmed/Desktop/New folder/down_logic.sv   ;         ;
; up_logic.sv                      ; yes             ; Auto-Found SystemVerilog HDL File  ; C:/Users/ahmed/Desktop/New folder/up_logic.sv     ;         ;
; disp_hex_mux.sv                  ; yes             ; Auto-Found SystemVerilog HDL File  ; C:/Users/ahmed/Desktop/New folder/disp_hex_mux.sv ;         ;
+----------------------------------+-----------------+------------------------------------+---------------------------------------------------+---------+


+---------------------------------------------------------+
; Analysis & Synthesis Resource Usage Summary             ;
+---------------------------------------------+-----------+
; Resource                                    ; Usage     ;
+---------------------------------------------+-----------+
; Estimated Total logic elements              ; 75        ;
;                                             ;           ;
; Total combinational functions               ; 75        ;
; Logic element usage by number of LUT inputs ;           ;
;     -- 4 input functions                    ; 34        ;
;     -- 3 input functions                    ; 8         ;
;     -- <=2 input functions                  ; 33        ;
;                                             ;           ;
; Logic elements by mode                      ;           ;
;     -- normal mode                          ; 48        ;
;     -- arithmetic mode                      ; 27        ;
;                                             ;           ;
; Total registers                             ; 32        ;
;     -- Dedicated logic registers            ; 32        ;
;     -- I/O registers                        ; 0         ;
;                                             ;           ;
; I/O pins                                    ; 17        ;
;                                             ;           ;
; Embedded Multiplier 9-bit elements          ; 0         ;
;                                             ;           ;
; Maximum fan-out node                        ; clk~input ;
; Maximum fan-out                             ; 32        ;
; Total fan-out                               ; 343       ;
; Average fan-out                             ; 2.43      ;
+---------------------------------------------+-----------+


+----------------------------------------------------------------------------------------------------------------------------------------------------------------------------------------------------------------------------------------------+
; Analysis & Synthesis Resource Utilization by Entity                                                                                                                                                                                          ;
+-----------------------------+---------------------+---------------------------+-------------+--------------+---------+-----------+------+--------------+-------------------------------------------------------+--------------+--------------+
; Compilation Hierarchy Node  ; Combinational ALUTs ; Dedicated Logic Registers ; Memory Bits ; DSP Elements ; DSP 9x9 ; DSP 18x18 ; Pins ; Virtual Pins ; Full Hierarchy Name                                   ; Entity Name  ; Library Name ;
+-----------------------------+---------------------+---------------------------+-------------+--------------+---------+-----------+------+--------------+-------------------------------------------------------+--------------+--------------+
; |highfsm                    ; 75 (0)              ; 32 (0)                    ; 0           ; 0            ; 0       ; 0         ; 17   ; 0            ; |highfsm                                              ; highfsm      ; work         ;
;    |counter:c|              ; 11 (11)             ; 3 (3)                     ; 0           ; 0            ; 0       ; 0         ; 0    ; 0            ; |highfsm|counter:c                                    ; counter      ; work         ;
;    |stopwatch:w|            ; 64 (0)              ; 29 (0)                    ; 0           ; 0            ; 0       ; 0         ; 0    ; 0            ; |highfsm|stopwatch:w                                  ; stopwatch    ; work         ;
;       |clkdiv:cd|           ; 38 (38)             ; 29 (29)                   ; 0           ; 0            ; 0       ; 0         ; 0    ; 0            ; |highfsm|stopwatch:w|clkdiv:cd                        ; clkdiv       ; work         ;
;       |counter9to0:c19|     ; 19 (0)              ; 0 (0)                     ; 0           ; 0            ; 0       ; 0         ; 0    ; 0            ; |highfsm|stopwatch:w|counter9to0:c19                  ; counter9to0  ; work         ;
;          |t_ff:ff1|         ; 4 (0)               ; 0 (0)                     ; 0           ; 0            ; 0       ; 0         ; 0    ; 0            ; |highfsm|stopwatch:w|counter9to0:c19|t_ff:ff1         ; t_ff         ; work         ;
;             |d_ff:ff|       ; 4 (4)               ; 0 (0)                     ; 0           ; 0            ; 0       ; 0         ; 0    ; 0            ; |highfsm|stopwatch:w|counter9to0:c19|t_ff:ff1|d_ff:ff ; d_ff         ; work         ;
;          |t_ff:ff2|         ; 5 (0)               ; 0 (0)                     ; 0           ; 0            ; 0       ; 0         ; 0    ; 0            ; |highfsm|stopwatch:w|counter9to0:c19|t_ff:ff2         ; t_ff         ; work         ;
;             |d_ff:ff|       ; 5 (5)               ; 0 (0)                     ; 0           ; 0            ; 0       ; 0         ; 0    ; 0            ; |highfsm|stopwatch:w|counter9to0:c19|t_ff:ff2|d_ff:ff ; d_ff         ; work         ;
;          |t_ff:ff3|         ; 5 (0)               ; 0 (0)                     ; 0           ; 0            ; 0       ; 0         ; 0    ; 0            ; |highfsm|stopwatch:w|counter9to0:c19|t_ff:ff3         ; t_ff         ; work         ;
;             |d_ff:ff|       ; 5 (5)               ; 0 (0)                     ; 0           ; 0            ; 0       ; 0         ; 0    ; 0            ; |highfsm|stopwatch:w|counter9to0:c19|t_ff:ff3|d_ff:ff ; d_ff         ; work         ;
;          |t_ff:ff4|         ; 5 (1)               ; 0 (0)                     ; 0           ; 0            ; 0       ; 0         ; 0    ; 0            ; |highfsm|stopwatch:w|counter9to0:c19|t_ff:ff4         ; t_ff         ; work         ;
;             |d_ff:ff|       ; 4 (4)               ; 0 (0)                     ; 0           ; 0            ; 0       ; 0         ; 0    ; 0            ; |highfsm|stopwatch:w|counter9to0:c19|t_ff:ff4|d_ff:ff ; d_ff         ; work         ;
;       |disp_hex_mux:seven4| ; 7 (7)               ; 0 (0)                     ; 0           ; 0            ; 0       ; 0         ; 0    ; 0            ; |highfsm|stopwatch:w|disp_hex_mux:seven4              ; disp_hex_mux ; work         ;
+-----------------------------+---------------------+---------------------------+-------------+--------------+---------+-----------+------+--------------+-------------------------------------------------------+--------------+--------------+
Note: For table entries with two numbers listed, the numbers in parentheses indicate the number of resources of the given type used by the specific entity alone. The numbers listed outside of parentheses indicate the total resources of the given type used by the specific entity and all of its sub-entities in the hierarchy.


+---------------------------------------------------------------------------------------------------+
; User-Specified and Inferred Latches                                                               ;
+----------------------------------------------------+---------------------+------------------------+
; Latch Name                                         ; Latch Enable Signal ; Free of Timing Hazards ;
+----------------------------------------------------+---------------------+------------------------+
; counter:c|q[0]                                     ; counter:c|q         ; yes                    ;
; Number of user-specified and inferred latches = 1  ;                     ;                        ;
+----------------------------------------------------+---------------------+------------------------+
Note: All latches listed above may not be present at the end of synthesis due to various synthesis optimizations.


+-------------------------------------------------------------+
; Logic Cells Representing Combinational Loops                ;
+--------------------------------------------------------+----+
; Logic Cell Name                                        ;    ;
+--------------------------------------------------------+----+
; stopwatch:w|counter9to0:c19|t_ff:ff1|d_ff:ff|Q~0       ;    ;
; stopwatch:w|counter9to0:c19|t_ff:ff2|d_ff:ff|Q~0       ;    ;
; stopwatch:w|counter9to0:c19|t_ff:ff3|d_ff:ff|Q~0       ;    ;
; stopwatch:w|counter9to0:c19|t_ff:ff4|d_ff:ff|Q~0       ;    ;
; stopwatch:w|counter9to0:c19|t_ff:ff1|d_ff:ff|nand1~0   ;    ;
; stopwatch:w|counter9to0:c19|t_ff:ff1|d_ff:ff|nand1~1   ;    ;
; stopwatch:w|counter9to0:c19|t_ff:ff2|d_ff:ff|nand1~0   ;    ;
; stopwatch:w|counter9to0:c19|t_ff:ff2|d_ff:ff|nand1~1   ;    ;
; stopwatch:w|counter9to0:c19|t_ff:ff3|d_ff:ff|nand1~0   ;    ;
; stopwatch:w|counter9to0:c19|t_ff:ff3|d_ff:ff|nand1~1   ;    ;
; stopwatch:w|counter9to0:c19|t_ff:ff4|d_ff:ff|nand1~0   ;    ;
; stopwatch:w|counter9to0:c19|t_ff:ff4|d_ff:ff|nand1~1   ;    ;
; Number of logic cells representing combinational loops ; 12 ;
+--------------------------------------------------------+----+
Note: All cells listed above may not be present at the end of synthesis due to various synthesis optimizations.


+---------------------------------------------------------------------------------------+
; Registers Removed During Synthesis                                                    ;
+----------------------------------------------+----------------------------------------+
; Register name                                ; Reason for Removal                     ;
+----------------------------------------------+----------------------------------------+
; stopwatch:w|disp_hex_mux:seven4|q_reg[0..17] ; Stuck at GND due to stuck port clear   ;
; counter:c|state_reg[3..31]                   ; Stuck at GND due to stuck port data_in ;
; Total Number of Removed Registers = 47       ;                                        ;
+----------------------------------------------+----------------------------------------+


+------------------------------------------------------+
; General Register Statistics                          ;
+----------------------------------------------+-------+
; Statistic                                    ; Value ;
+----------------------------------------------+-------+
; Total registers                              ; 32    ;
; Number of registers using Synchronous Clear  ; 28    ;
; Number of registers using Synchronous Load   ; 0     ;
; Number of registers using Asynchronous Clear ; 3     ;
; Number of registers using Asynchronous Load  ; 0     ;
; Number of registers using Clock Enable       ; 0     ;
; Number of registers using Preset             ; 0     ;
+----------------------------------------------+-------+


+--------------------------------------------------+
; Inverted Register Statistics                     ;
+----------------------------------------+---------+
; Inverted Register                      ; Fan out ;
+----------------------------------------+---------+
; counter:c|state_reg[2]                 ; 6       ;
; Total number of inverted registers = 1 ;         ;
+----------------------------------------+---------+


+--------------------------------------------------------------------+
; Parameter Settings for User Entity Instance: stopwatch:w|clkdiv:cd ;
+----------------+------------------------------+--------------------+
; Parameter Name ; Value                        ; Type               ;
+----------------+------------------------------+--------------------+
; DIVISOR        ; 0000000000000000000000000010 ; Unsigned Binary    ;
+----------------+------------------------------+--------------------+
Note: In order to hide this table in the UI and the text report file, please set the "Show Parameter Settings in Synthesis Report" option in "Analysis and Synthesis Settings -> More Settings" to "Off".


+-------------------------------------------------------------+
; Port Connectivity Checks: "stopwatch:w|disp_hex_mux:seven4" ;
+---------+-------+----------+--------------------------------+
; Port    ; Type  ; Severity ; Details                        ;
+---------+-------+----------+--------------------------------+
; reset   ; Input ; Info     ; Stuck at VCC                   ;
; hex3[3] ; Input ; Info     ; Stuck at GND                   ;
; hex1[3] ; Input ; Info     ; Stuck at GND                   ;
; dp_in   ; Input ; Info     ; Stuck at VCC                   ;
+---------+-------+----------+--------------------------------+


+----------------------------------------------------------------------------------------------------------------+
; Port Connectivity Checks: "stopwatch:w|couter0to5:c15|t_ff:ff3"                                                ;
+------+--------+----------+-------------------------------------------------------------------------------------+
; Port ; Type   ; Severity ; Details                                                                             ;
+------+--------+----------+-------------------------------------------------------------------------------------+
; Qbar ; Output ; Info     ; Connected to dangling logic. Logic that only feeds a dangling port will be removed. ;
+------+--------+----------+-------------------------------------------------------------------------------------+


+----------------------------------------------------------------------------------------------------------------+
; Port Connectivity Checks: "stopwatch:w|couter0to5:c15|t_ff:ff2"                                                ;
+------+--------+----------+-------------------------------------------------------------------------------------+
; Port ; Type   ; Severity ; Details                                                                             ;
+------+--------+----------+-------------------------------------------------------------------------------------+
; Qbar ; Output ; Info     ; Connected to dangling logic. Logic that only feeds a dangling port will be removed. ;
+------+--------+----------+-------------------------------------------------------------------------------------+


+----------------------------------------------------------------------------------------------------------------+
; Port Connectivity Checks: "stopwatch:w|couter0to5:c15|t_ff:ff1"                                                ;
+------+--------+----------+-------------------------------------------------------------------------------------+
; Port ; Type   ; Severity ; Details                                                                             ;
+------+--------+----------+-------------------------------------------------------------------------------------+
; Qbar ; Output ; Info     ; Connected to dangling logic. Logic that only feeds a dangling port will be removed. ;
+------+--------+----------+-------------------------------------------------------------------------------------+


+---------------------------------------------------------------------+
; Port Connectivity Checks: "stopwatch:w|couter0to5:c15|mix4to1:mix3" ;
+------+-------+----------+-------------------------------------------+
; Port ; Type  ; Severity ; Details                                   ;
+------+-------+----------+-------------------------------------------+
; d    ; Input ; Info     ; Stuck at GND                              ;
+------+-------+----------+-------------------------------------------+


+---------------------------------------------------------------------+
; Port Connectivity Checks: "stopwatch:w|couter0to5:c15|mix4to1:mix2" ;
+------+-------+----------+-------------------------------------------+
; Port ; Type  ; Severity ; Details                                   ;
+------+-------+----------+-------------------------------------------+
; d    ; Input ; Info     ; Stuck at GND                              ;
+------+-------+----------+-------------------------------------------+


+---------------------------------------------------------------------+
; Port Connectivity Checks: "stopwatch:w|couter0to5:c15|mix4to1:mix1" ;
+------+-------+----------+-------------------------------------------+
; Port ; Type  ; Severity ; Details                                   ;
+------+-------+----------+-------------------------------------------+
; d    ; Input ; Info     ; Stuck at GND                              ;
+------+-------+----------+-------------------------------------------+


+-----------------------------------------------------------------------------------------------------------------------------------------------------------------------+
; Port Connectivity Checks: "stopwatch:w|couter0to5:c15"                                                                                                                ;
+------+-------+----------+---------------------------------------------------------------------------------------------------------------------------------------------+
; Port ; Type  ; Severity ; Details                                                                                                                                     ;
+------+-------+----------+---------------------------------------------------------------------------------------------------------------------------------------------+
; set  ; Input ; Warning  ; Input port expression (1 bits) is smaller than the input port (3 bits) it drives.  Extra input bit(s) "set[2..1]" will be connected to GND. ;
; set  ; Input ; Info     ; Stuck at GND                                                                                                                                ;
+------+-------+----------+---------------------------------------------------------------------------------------------------------------------------------------------+


+----------------------------------------------------------------------------------------------------------------+
; Port Connectivity Checks: "stopwatch:w|counter9to0:c19|t_ff:ff4"                                               ;
+------+--------+----------+-------------------------------------------------------------------------------------+
; Port ; Type   ; Severity ; Details                                                                             ;
+------+--------+----------+-------------------------------------------------------------------------------------+
; Qbar ; Output ; Info     ; Connected to dangling logic. Logic that only feeds a dangling port will be removed. ;
+------+--------+----------+-------------------------------------------------------------------------------------+


+----------------------------------------------------------------------------------------------------------------+
; Port Connectivity Checks: "stopwatch:w|counter9to0:c19|t_ff:ff3"                                               ;
+------+--------+----------+-------------------------------------------------------------------------------------+
; Port ; Type   ; Severity ; Details                                                                             ;
+------+--------+----------+-------------------------------------------------------------------------------------+
; Qbar ; Output ; Info     ; Connected to dangling logic. Logic that only feeds a dangling port will be removed. ;
+------+--------+----------+-------------------------------------------------------------------------------------+


+----------------------------------------------------------------------------------------------------------------+
; Port Connectivity Checks: "stopwatch:w|counter9to0:c19|t_ff:ff2"                                               ;
+------+--------+----------+-------------------------------------------------------------------------------------+
; Port ; Type   ; Severity ; Details                                                                             ;
+------+--------+----------+-------------------------------------------------------------------------------------+
; Qbar ; Output ; Info     ; Connected to dangling logic. Logic that only feeds a dangling port will be removed. ;
+------+--------+----------+-------------------------------------------------------------------------------------+


+----------------------------------------------------------------------------------------------------------------+
; Port Connectivity Checks: "stopwatch:w|counter9to0:c19|t_ff:ff1"                                               ;
+------+--------+----------+-------------------------------------------------------------------------------------+
; Port ; Type   ; Severity ; Details                                                                             ;
+------+--------+----------+-------------------------------------------------------------------------------------+
; Qbar ; Output ; Info     ; Connected to dangling logic. Logic that only feeds a dangling port will be removed. ;
+------+--------+----------+-------------------------------------------------------------------------------------+


+----------------------------------------------------------------------+
; Port Connectivity Checks: "stopwatch:w|counter9to0:c19|mix4to1:mix8" ;
+------+-------+----------+--------------------------------------------+
; Port ; Type  ; Severity ; Details                                    ;
+------+-------+----------+--------------------------------------------+
; d    ; Input ; Info     ; Stuck at GND                               ;
+------+-------+----------+--------------------------------------------+


+----------------------------------------------------------------------+
; Port Connectivity Checks: "stopwatch:w|counter9to0:c19|mix4to1:mix7" ;
+------+-------+----------+--------------------------------------------+
; Port ; Type  ; Severity ; Details                                    ;
+------+-------+----------+--------------------------------------------+
; d    ; Input ; Info     ; Stuck at GND                               ;
+------+-------+----------+--------------------------------------------+


+----------------------------------------------------------------------+
; Port Connectivity Checks: "stopwatch:w|counter9to0:c19|mix4to1:mix6" ;
+------+-------+----------+--------------------------------------------+
; Port ; Type  ; Severity ; Details                                    ;
+------+-------+----------+--------------------------------------------+
; d    ; Input ; Info     ; Stuck at GND                               ;
+------+-------+----------+--------------------------------------------+


+----------------------------------------------------------------------+
; Port Connectivity Checks: "stopwatch:w|counter9to0:c19|mix4to1:mix5" ;
+------+-------+----------+--------------------------------------------+
; Port ; Type  ; Severity ; Details                                    ;
+------+-------+----------+--------------------------------------------+
; d    ; Input ; Info     ; Stuck at GND                               ;
+------+-------+----------+--------------------------------------------+


+-----------------------------------------------------------------------------------------------------------------------------------------------------------------------+
; Port Connectivity Checks: "stopwatch:w|counter9to0:c19"                                                                                                               ;
+------+-------+----------+---------------------------------------------------------------------------------------------------------------------------------------------+
; Port ; Type  ; Severity ; Details                                                                                                                                     ;
+------+-------+----------+---------------------------------------------------------------------------------------------------------------------------------------------+
; set  ; Input ; Warning  ; Input port expression (1 bits) is smaller than the input port (4 bits) it drives.  Extra input bit(s) "set[3..1]" will be connected to GND. ;
; set  ; Input ; Info     ; Stuck at GND                                                                                                                                ;
+------+-------+----------+---------------------------------------------------------------------------------------------------------------------------------------------+


+---------------------------------------------------+
; Port Connectivity Checks: "stopwatch:w|clkdiv:cd" ;
+-------+-------+----------+------------------------+
; Port  ; Type  ; Severity ; Details                ;
+-------+-------+----------+------------------------+
; reset ; Input ; Info     ; Stuck at GND           ;
+-------+-------+----------+------------------------+


+-------------------------------------------------------------------------------------------------------------------------------------------------------------------------------------------------------------+
; Port Connectivity Checks: "counter:c"                                                                                                                                                                       ;
+------+--------+----------+----------------------------------------------------------------------------------------------------------------------------------------------------------------------------------+
; Port ; Type   ; Severity ; Details                                                                                                                                                                          ;
+------+--------+----------+----------------------------------------------------------------------------------------------------------------------------------------------------------------------------------+
; m    ; Input  ; Warning  ; Input port expression (7 bits) is wider than the input port (1 bits) it drives.  The 6 most-significant bit(s) in the expression will be dangling if they have no other fanouts. ;
; num  ; Input  ; Warning  ; Input port expression (2 bits) is smaller than the input port (7 bits) it drives.  Extra input bit(s) "num[6..2]" will be connected to GND.                                      ;
; q    ; Output ; Warning  ; Output or bidir port (2 bits) is wider than the port expression (1 bits) it drives; bit(s) "q[1..1]" have no fanouts                                                             ;
; rstn ; Output ; Warning  ; Output or bidir port (1 bits) is smaller than the port expression (7 bits) it drives.  The 6 most-significant bit(s) in the port expression will be connected to GND.            ;
; fnum ; Output ; Warning  ; Declared by entity but not connected by instance. Logic that only feeds a dangling port will be removed.                                                                         ;
+------+--------+----------+----------------------------------------------------------------------------------------------------------------------------------------------------------------------------------+


+-----------------------------------------------------+
; Post-Synthesis Netlist Statistics for Top Partition ;
+-----------------------+-----------------------------+
; Type                  ; Count                       ;
+-----------------------+-----------------------------+
; boundary_port         ; 17                          ;
; cycloneiii_ff         ; 32                          ;
;     CLR               ; 3                           ;
;     SCLR              ; 28                          ;
;     plain             ; 1                           ;
; cycloneiii_lcell_comb ; 80                          ;
;     arith             ; 27                          ;
;         2 data inputs ; 27                          ;
;     normal            ; 53                          ;
;         0 data inputs ; 2                           ;
;         1 data inputs ; 5                           ;
;         2 data inputs ; 4                           ;
;         3 data inputs ; 8                           ;
;         4 data inputs ; 34                          ;
;                       ;                             ;
; Max LUT depth         ; 4.00                        ;
; Average LUT depth     ; 2.66                        ;
+-----------------------+-----------------------------+


+-------------------------------+
; Elapsed Time Per Partition    ;
+----------------+--------------+
; Partition Name ; Elapsed Time ;
+----------------+--------------+
; Top            ; 00:00:01     ;
+----------------+--------------+


+-------------------------------+
; Analysis & Synthesis Messages ;
+-------------------------------+
Info: *******************************************************************
Info: Running Quartus Prime Analysis & Synthesis
    Info: Version 20.1.1 Build 720 11/11/2020 SJ Lite Edition
    Info: Processing started: Fri Jan 07 19:42:50 2022
Info: Command: quartus_map --read_settings_files=on --write_settings_files=off highfsm -c highfsm
Warning (18236): Number of processors has not been specified which may cause overloading on shared machines.  Set the global assignment NUM_PARALLEL_PROCESSORS in your QSF to an appropriate value for best performance.
Info (20030): Parallel compilation is enabled and will use 2 of the 2 processors detected
Info (12021): Found 1 design units, including 1 entities, in source file highfsm.sv
    Info (12023): Found entity 1: highfsm File: C:/Users/ahmed/Desktop/New folder/highfsm.sv Line: 1
Warning (10236): Verilog HDL Implicit Net warning at highfsm.sv(7): created implicit net for "reset" File: C:/Users/ahmed/Desktop/New folder/highfsm.sv Line: 7
Info (12127): Elaborating entity "highfsm" for the top level hierarchy
Warning (12125): Using design file counter.sv, which is not specified as a design file for the current project, but contains definitions for 1 design units and 1 entities in project
    Info (12023): Found entity 1: counter File: C:/Users/ahmed/Desktop/New folder/counter.sv Line: 1
Info (12128): Elaborating entity "counter" for hierarchy "counter:c" File: C:/Users/ahmed/Desktop/New folder/highfsm.sv Line: 7
Warning (10230): Verilog HDL assignment warning at counter.sv(40): truncated value with size 32 to match size of target (7) File: C:/Users/ahmed/Desktop/New folder/counter.sv Line: 40
Info (10041): Inferred latch for "q[0]" at counter.sv(22) File: C:/Users/ahmed/Desktop/New folder/counter.sv Line: 22
Info (10041): Inferred latch for "q[1]" at counter.sv(22) File: C:/Users/ahmed/Desktop/New folder/counter.sv Line: 22
Info (10041): Inferred latch for "fnum[0]" at counter.sv(22) File: C:/Users/ahmed/Desktop/New folder/counter.sv Line: 22
Info (10041): Inferred latch for "fnum[1]" at counter.sv(22) File: C:/Users/ahmed/Desktop/New folder/counter.sv Line: 22
Info (10041): Inferred latch for "fnum[2]" at counter.sv(22) File: C:/Users/ahmed/Desktop/New folder/counter.sv Line: 22
Info (10041): Inferred latch for "fnum[3]" at counter.sv(22) File: C:/Users/ahmed/Desktop/New folder/counter.sv Line: 22
Info (10041): Inferred latch for "fnum[4]" at counter.sv(22) File: C:/Users/ahmed/Desktop/New folder/counter.sv Line: 22
Info (10041): Inferred latch for "fnum[5]" at counter.sv(22) File: C:/Users/ahmed/Desktop/New folder/counter.sv Line: 22
Info (10041): Inferred latch for "fnum[6]" at counter.sv(22) File: C:/Users/ahmed/Desktop/New folder/counter.sv Line: 22
Warning (12125): Using design file stopwatch.sv, which is not specified as a design file for the current project, but contains definitions for 1 design units and 1 entities in project
    Info (12023): Found entity 1: stopwatch File: C:/Users/ahmed/Desktop/New folder/stopwatch.sv Line: 1
Warning (10236): Verilog HDL Implicit Net warning at stopwatch.sv(12): created implicit net for "clkdiv" File: C:/Users/ahmed/Desktop/New folder/stopwatch.sv Line: 12
Warning (10236): Verilog HDL Implicit Net warning at stopwatch.sv(13): created implicit net for "A09" File: C:/Users/ahmed/Desktop/New folder/stopwatch.sv Line: 13
Warning (10236): Verilog HDL Implicit Net warning at stopwatch.sv(13): created implicit net for "A19" File: C:/Users/ahmed/Desktop/New folder/stopwatch.sv Line: 13
Warning (10236): Verilog HDL Implicit Net warning at stopwatch.sv(13): created implicit net for "A29" File: C:/Users/ahmed/Desktop/New folder/stopwatch.sv Line: 13
Warning (10236): Verilog HDL Implicit Net warning at stopwatch.sv(13): created implicit net for "A39" File: C:/Users/ahmed/Desktop/New folder/stopwatch.sv Line: 13
Warning (10236): Verilog HDL Implicit Net warning at stopwatch.sv(14): created implicit net for "clk1" File: C:/Users/ahmed/Desktop/New folder/stopwatch.sv Line: 14
Warning (10236): Verilog HDL Implicit Net warning at stopwatch.sv(15): created implicit net for "A05" File: C:/Users/ahmed/Desktop/New folder/stopwatch.sv Line: 15
Warning (10236): Verilog HDL Implicit Net warning at stopwatch.sv(15): created implicit net for "A15" File: C:/Users/ahmed/Desktop/New folder/stopwatch.sv Line: 15
Warning (10236): Verilog HDL Implicit Net warning at stopwatch.sv(15): created implicit net for "A25" File: C:/Users/ahmed/Desktop/New folder/stopwatch.sv Line: 15
Warning (10236): Verilog HDL Implicit Net warning at stopwatch.sv(16): created implicit net for "clk2" File: C:/Users/ahmed/Desktop/New folder/stopwatch.sv Line: 16
Warning (10236): Verilog HDL Implicit Net warning at stopwatch.sv(17): created implicit net for "A091" File: C:/Users/ahmed/Desktop/New folder/stopwatch.sv Line: 17
Warning (10236): Verilog HDL Implicit Net warning at stopwatch.sv(17): created implicit net for "A191" File: C:/Users/ahmed/Desktop/New folder/stopwatch.sv Line: 17
Warning (10236): Verilog HDL Implicit Net warning at stopwatch.sv(17): created implicit net for "A291" File: C:/Users/ahmed/Desktop/New folder/stopwatch.sv Line: 17
Warning (10236): Verilog HDL Implicit Net warning at stopwatch.sv(17): created implicit net for "A391" File: C:/Users/ahmed/Desktop/New folder/stopwatch.sv Line: 17
Warning (10236): Verilog HDL Implicit Net warning at stopwatch.sv(18): created implicit net for "clk3" File: C:/Users/ahmed/Desktop/New folder/stopwatch.sv Line: 18
Warning (10236): Verilog HDL Implicit Net warning at stopwatch.sv(19): created implicit net for "A051" File: C:/Users/ahmed/Desktop/New folder/stopwatch.sv Line: 19
Warning (10236): Verilog HDL Implicit Net warning at stopwatch.sv(19): created implicit net for "A151" File: C:/Users/ahmed/Desktop/New folder/stopwatch.sv Line: 19
Warning (10236): Verilog HDL Implicit Net warning at stopwatch.sv(19): created implicit net for "A251" File: C:/Users/ahmed/Desktop/New folder/stopwatch.sv Line: 19
Info (12128): Elaborating entity "stopwatch" for hierarchy "stopwatch:w" File: C:/Users/ahmed/Desktop/New folder/highfsm.sv Line: 8
Warning (12125): Using design file clkdiv.sv, which is not specified as a design file for the current project, but contains definitions for 1 design units and 1 entities in project
    Info (12023): Found entity 1: clkdiv File: C:/Users/ahmed/Desktop/New folder/clkdiv.sv Line: 1
Info (12128): Elaborating entity "clkdiv" for hierarchy "stopwatch:w|clkdiv:cd" File: C:/Users/ahmed/Desktop/New folder/stopwatch.sv Line: 12
Warning (12125): Using design file counter9to0.sv, which is not specified as a design file for the current project, but contains definitions for 1 design units and 1 entities in project
    Info (12023): Found entity 1: counter9to0 File: C:/Users/ahmed/Desktop/New folder/counter9to0.sv Line: 1
Warning (10236): Verilog HDL Implicit Net warning at counter9to0.sv(9): created implicit net for "T0down" File: C:/Users/ahmed/Desktop/New folder/counter9to0.sv Line: 9
Warning (10236): Verilog HDL Implicit Net warning at counter9to0.sv(9): created implicit net for "T1down" File: C:/Users/ahmed/Desktop/New folder/counter9to0.sv Line: 9
Warning (10236): Verilog HDL Implicit Net warning at counter9to0.sv(9): created implicit net for "T2down" File: C:/Users/ahmed/Desktop/New folder/counter9to0.sv Line: 9
Warning (10236): Verilog HDL Implicit Net warning at counter9to0.sv(9): created implicit net for "T3down" File: C:/Users/ahmed/Desktop/New folder/counter9to0.sv Line: 9
Warning (10236): Verilog HDL Implicit Net warning at counter9to0.sv(11): created implicit net for "T0up" File: C:/Users/ahmed/Desktop/New folder/counter9to0.sv Line: 11
Warning (10236): Verilog HDL Implicit Net warning at counter9to0.sv(11): created implicit net for "T1up" File: C:/Users/ahmed/Desktop/New folder/counter9to0.sv Line: 11
Warning (10236): Verilog HDL Implicit Net warning at counter9to0.sv(11): created implicit net for "T2up" File: C:/Users/ahmed/Desktop/New folder/counter9to0.sv Line: 11
Warning (10236): Verilog HDL Implicit Net warning at counter9to0.sv(11): created implicit net for "T3up" File: C:/Users/ahmed/Desktop/New folder/counter9to0.sv Line: 11
Warning (10236): Verilog HDL Implicit Net warning at counter9to0.sv(14): created implicit net for "T0" File: C:/Users/ahmed/Desktop/New folder/counter9to0.sv Line: 14
Warning (10236): Verilog HDL Implicit Net warning at counter9to0.sv(15): created implicit net for "T1" File: C:/Users/ahmed/Desktop/New folder/counter9to0.sv Line: 15
Warning (10236): Verilog HDL Implicit Net warning at counter9to0.sv(16): created implicit net for "T2" File: C:/Users/ahmed/Desktop/New folder/counter9to0.sv Line: 16
Warning (10236): Verilog HDL Implicit Net warning at counter9to0.sv(17): created implicit net for "T3" File: C:/Users/ahmed/Desktop/New folder/counter9to0.sv Line: 17
Warning (10236): Verilog HDL Implicit Net warning at counter9to0.sv(19): created implicit net for "A01" File: C:/Users/ahmed/Desktop/New folder/counter9to0.sv Line: 19
Warning (10236): Verilog HDL Implicit Net warning at counter9to0.sv(19): created implicit net for "A0bar" File: C:/Users/ahmed/Desktop/New folder/counter9to0.sv Line: 19
Warning (10236): Verilog HDL Implicit Net warning at counter9to0.sv(20): created implicit net for "A11" File: C:/Users/ahmed/Desktop/New folder/counter9to0.sv Line: 20
Warning (10236): Verilog HDL Implicit Net warning at counter9to0.sv(20): created implicit net for "A1bar" File: C:/Users/ahmed/Desktop/New folder/counter9to0.sv Line: 20
Warning (10236): Verilog HDL Implicit Net warning at counter9to0.sv(21): created implicit net for "A21" File: C:/Users/ahmed/Desktop/New folder/counter9to0.sv Line: 21
Warning (10236): Verilog HDL Implicit Net warning at counter9to0.sv(21): created implicit net for "A2bar" File: C:/Users/ahmed/Desktop/New folder/counter9to0.sv Line: 21
Warning (10236): Verilog HDL Implicit Net warning at counter9to0.sv(22): created implicit net for "A31" File: C:/Users/ahmed/Desktop/New folder/counter9to0.sv Line: 22
Warning (10236): Verilog HDL Implicit Net warning at counter9to0.sv(22): created implicit net for "A3bar" File: C:/Users/ahmed/Desktop/New folder/counter9to0.sv Line: 22
Info (12128): Elaborating entity "counter9to0" for hierarchy "stopwatch:w|counter9to0:c19" File: C:/Users/ahmed/Desktop/New folder/stopwatch.sv Line: 13
Warning (12125): Using design file down_logic9.sv, which is not specified as a design file for the current project, but contains definitions for 1 design units and 1 entities in project
    Info (12023): Found entity 1: down_logic9 File: C:/Users/ahmed/Desktop/New folder/down_logic9.sv Line: 1
Warning (10236): Verilog HDL Implicit Net warning at down_logic9.sv(4): created implicit net for "A0bar" File: C:/Users/ahmed/Desktop/New folder/down_logic9.sv Line: 4
Warning (10236): Verilog HDL Implicit Net warning at down_logic9.sv(5): created implicit net for "A1bar" File: C:/Users/ahmed/Desktop/New folder/down_logic9.sv Line: 5
Warning (10236): Verilog HDL Implicit Net warning at down_logic9.sv(6): created implicit net for "A3bar" File: C:/Users/ahmed/Desktop/New folder/down_logic9.sv Line: 6
Warning (10236): Verilog HDL Implicit Net warning at down_logic9.sv(7): created implicit net for "A2bar" File: C:/Users/ahmed/Desktop/New folder/down_logic9.sv Line: 7
Warning (10236): Verilog HDL Implicit Net warning at down_logic9.sv(10): created implicit net for "t1" File: C:/Users/ahmed/Desktop/New folder/down_logic9.sv Line: 10
Warning (10236): Verilog HDL Implicit Net warning at down_logic9.sv(11): created implicit net for "t2" File: C:/Users/ahmed/Desktop/New folder/down_logic9.sv Line: 11
Warning (10236): Verilog HDL Implicit Net warning at down_logic9.sv(12): created implicit net for "t3" File: C:/Users/ahmed/Desktop/New folder/down_logic9.sv Line: 12
Warning (10236): Verilog HDL Implicit Net warning at down_logic9.sv(13): created implicit net for "t4" File: C:/Users/ahmed/Desktop/New folder/down_logic9.sv Line: 13
Warning (10236): Verilog HDL Implicit Net warning at down_logic9.sv(17): created implicit net for "p2" File: C:/Users/ahmed/Desktop/New folder/down_logic9.sv Line: 17
Warning (10236): Verilog HDL Implicit Net warning at down_logic9.sv(18): created implicit net for "p3" File: C:/Users/ahmed/Desktop/New folder/down_logic9.sv Line: 18
Warning (10236): Verilog HDL Implicit Net warning at down_logic9.sv(19): created implicit net for "p1" File: C:/Users/ahmed/Desktop/New folder/down_logic9.sv Line: 19
Warning (10236): Verilog HDL Implicit Net warning at down_logic9.sv(23): created implicit net for "y1" File: C:/Users/ahmed/Desktop/New folder/down_logic9.sv Line: 23
Warning (10236): Verilog HDL Implicit Net warning at down_logic9.sv(24): created implicit net for "y2" File: C:/Users/ahmed/Desktop/New folder/down_logic9.sv Line: 24
Warning (10236): Verilog HDL Implicit Net warning at down_logic9.sv(25): created implicit net for "y3" File: C:/Users/ahmed/Desktop/New folder/down_logic9.sv Line: 25
Info (12128): Elaborating entity "down_logic9" for hierarchy "stopwatch:w|counter9to0:c19|down_logic9:d1" File: C:/Users/ahmed/Desktop/New folder/counter9to0.sv Line: 9
Warning (12125): Using design file up_logic9.sv, which is not specified as a design file for the current project, but contains definitions for 1 design units and 1 entities in project
    Info (12023): Found entity 1: up_logic9 File: C:/Users/ahmed/Desktop/New folder/up_logic9.sv Line: 1
Warning (10236): Verilog HDL Implicit Net warning at up_logic9.sv(4): created implicit net for "A2bar" File: C:/Users/ahmed/Desktop/New folder/up_logic9.sv Line: 4
Warning (10236): Verilog HDL Implicit Net warning at up_logic9.sv(5): created implicit net for "A1bar" File: C:/Users/ahmed/Desktop/New folder/up_logic9.sv Line: 5
Warning (10236): Verilog HDL Implicit Net warning at up_logic9.sv(6): created implicit net for "A0bar" File: C:/Users/ahmed/Desktop/New folder/up_logic9.sv Line: 6
Warning (10236): Verilog HDL Implicit Net warning at up_logic9.sv(7): created implicit net for "A3bar" File: C:/Users/ahmed/Desktop/New folder/up_logic9.sv Line: 7
Warning (10236): Verilog HDL Implicit Net warning at up_logic9.sv(8): created implicit net for "s1" File: C:/Users/ahmed/Desktop/New folder/up_logic9.sv Line: 8
Warning (10236): Verilog HDL Implicit Net warning at up_logic9.sv(9): created implicit net for "s2" File: C:/Users/ahmed/Desktop/New folder/up_logic9.sv Line: 9
Warning (10236): Verilog HDL Implicit Net warning at up_logic9.sv(12): created implicit net for "p2" File: C:/Users/ahmed/Desktop/New folder/up_logic9.sv Line: 12
Warning (10236): Verilog HDL Implicit Net warning at up_logic9.sv(13): created implicit net for "p1" File: C:/Users/ahmed/Desktop/New folder/up_logic9.sv Line: 13
Warning (10236): Verilog HDL Implicit Net warning at up_logic9.sv(16): created implicit net for "t1" File: C:/Users/ahmed/Desktop/New folder/up_logic9.sv Line: 16
Warning (10236): Verilog HDL Implicit Net warning at up_logic9.sv(17): created implicit net for "t2" File: C:/Users/ahmed/Desktop/New folder/up_logic9.sv Line: 17
Warning (10236): Verilog HDL Implicit Net warning at up_logic9.sv(18): created implicit net for "t3" File: C:/Users/ahmed/Desktop/New folder/up_logic9.sv Line: 18
Info (12128): Elaborating entity "up_logic9" for hierarchy "stopwatch:w|counter9to0:c19|up_logic9:up1" File: C:/Users/ahmed/Desktop/New folder/counter9to0.sv Line: 11
Warning (12125): Using design file mix4to1.sv, which is not specified as a design file for the current project, but contains definitions for 1 design units and 1 entities in project
    Info (12023): Found entity 1: mix4to1 File: C:/Users/ahmed/Desktop/New folder/mix4to1.sv Line: 1
Warning (10236): Verilog HDL Implicit Net warning at mix4to1.sv(7): created implicit net for "s0bar" File: C:/Users/ahmed/Desktop/New folder/mix4to1.sv Line: 7
Info (12128): Elaborating entity "mix4to1" for hierarchy "stopwatch:w|counter9to0:c19|mix4to1:mix5" File: C:/Users/ahmed/Desktop/New folder/counter9to0.sv Line: 14
Warning (12125): Using design file t_ff.sv, which is not specified as a design file for the current project, but contains definitions for 1 design units and 1 entities in project
    Info (12023): Found entity 1: t_ff File: C:/Users/ahmed/Desktop/New folder/t_ff.sv Line: 1
Warning (10236): Verilog HDL Implicit Net warning at t_ff.sv(3): created implicit net for "D" File: C:/Users/ahmed/Desktop/New folder/t_ff.sv Line: 3
Info (12128): Elaborating entity "t_ff" for hierarchy "stopwatch:w|counter9to0:c19|t_ff:ff1" File: C:/Users/ahmed/Desktop/New folder/counter9to0.sv Line: 19
Warning (12125): Using design file d_ff.sv, which is not specified as a design file for the current project, but contains definitions for 1 design units and 1 entities in project
    Info (12023): Found entity 1: d_ff File: C:/Users/ahmed/Desktop/New folder/d_ff.sv Line: 1
Warning (10236): Verilog HDL Implicit Net warning at d_ff.sv(3): created implicit net for "setbar" File: C:/Users/ahmed/Desktop/New folder/d_ff.sv Line: 3
Warning (10236): Verilog HDL Implicit Net warning at d_ff.sv(4): created implicit net for "resetbar" File: C:/Users/ahmed/Desktop/New folder/d_ff.sv Line: 4
Warning (10236): Verilog HDL Implicit Net warning at d_ff.sv(5): created implicit net for "t1" File: C:/Users/ahmed/Desktop/New folder/d_ff.sv Line: 5
Warning (10236): Verilog HDL Implicit Net warning at d_ff.sv(5): created implicit net for "t2" File: C:/Users/ahmed/Desktop/New folder/d_ff.sv Line: 5
Warning (10236): Verilog HDL Implicit Net warning at d_ff.sv(5): created implicit net for "t4" File: C:/Users/ahmed/Desktop/New folder/d_ff.sv Line: 5
Warning (10236): Verilog HDL Implicit Net warning at d_ff.sv(7): created implicit net for "t3" File: C:/Users/ahmed/Desktop/New folder/d_ff.sv Line: 7
Info (12128): Elaborating entity "d_ff" for hierarchy "stopwatch:w|counter9to0:c19|t_ff:ff1|d_ff:ff" File: C:/Users/ahmed/Desktop/New folder/t_ff.sv Line: 4
Warning (12125): Using design file mix1.sv, which is not specified as a design file for the current project, but contains definitions for 1 design units and 1 entities in project
    Info (12023): Found entity 1: mix1 File: C:/Users/ahmed/Desktop/New folder/mix1.sv Line: 1
Info (12128): Elaborating entity "mix1" for hierarchy "stopwatch:w|counter9to0:c19|mix1:mix11" File: C:/Users/ahmed/Desktop/New folder/counter9to0.sv Line: 23
Warning (12125): Using design file couter0to5.sv, which is not specified as a design file for the current project, but contains definitions for 1 design units and 1 entities in project
    Info (12023): Found entity 1: couter0to5 File: C:/Users/ahmed/Desktop/New folder/couter0to5.sv Line: 17
Warning (10236): Verilog HDL Implicit Net warning at couter0to5.sv(25): created implicit net for "T0down" File: C:/Users/ahmed/Desktop/New folder/couter0to5.sv Line: 25
Warning (10236): Verilog HDL Implicit Net warning at couter0to5.sv(25): created implicit net for "T1down" File: C:/Users/ahmed/Desktop/New folder/couter0to5.sv Line: 25
Warning (10236): Verilog HDL Implicit Net warning at couter0to5.sv(25): created implicit net for "T2down" File: C:/Users/ahmed/Desktop/New folder/couter0to5.sv Line: 25
Warning (10236): Verilog HDL Implicit Net warning at couter0to5.sv(27): created implicit net for "T0up" File: C:/Users/ahmed/Desktop/New folder/couter0to5.sv Line: 27
Warning (10236): Verilog HDL Implicit Net warning at couter0to5.sv(27): created implicit net for "T1up" File: C:/Users/ahmed/Desktop/New folder/couter0to5.sv Line: 27
Warning (10236): Verilog HDL Implicit Net warning at couter0to5.sv(27): created implicit net for "T2up" File: C:/Users/ahmed/Desktop/New folder/couter0to5.sv Line: 27
Warning (10236): Verilog HDL Implicit Net warning at couter0to5.sv(30): created implicit net for "T0" File: C:/Users/ahmed/Desktop/New folder/couter0to5.sv Line: 30
Warning (10236): Verilog HDL Implicit Net warning at couter0to5.sv(31): created implicit net for "T1" File: C:/Users/ahmed/Desktop/New folder/couter0to5.sv Line: 31
Warning (10236): Verilog HDL Implicit Net warning at couter0to5.sv(32): created implicit net for "T2" File: C:/Users/ahmed/Desktop/New folder/couter0to5.sv Line: 32
Warning (10236): Verilog HDL Implicit Net warning at couter0to5.sv(33): created implicit net for "A01" File: C:/Users/ahmed/Desktop/New folder/couter0to5.sv Line: 33
Warning (10236): Verilog HDL Implicit Net warning at couter0to5.sv(33): created implicit net for "A0bar" File: C:/Users/ahmed/Desktop/New folder/couter0to5.sv Line: 33
Warning (10236): Verilog HDL Implicit Net warning at couter0to5.sv(34): created implicit net for "A11" File: C:/Users/ahmed/Desktop/New folder/couter0to5.sv Line: 34
Warning (10236): Verilog HDL Implicit Net warning at couter0to5.sv(34): created implicit net for "A1bar" File: C:/Users/ahmed/Desktop/New folder/couter0to5.sv Line: 34
Warning (10236): Verilog HDL Implicit Net warning at couter0to5.sv(35): created implicit net for "A21" File: C:/Users/ahmed/Desktop/New folder/couter0to5.sv Line: 35
Warning (10236): Verilog HDL Implicit Net warning at couter0to5.sv(35): created implicit net for "A2bar" File: C:/Users/ahmed/Desktop/New folder/couter0to5.sv Line: 35
Info (12128): Elaborating entity "couter0to5" for hierarchy "stopwatch:w|couter0to5:c15" File: C:/Users/ahmed/Desktop/New folder/stopwatch.sv Line: 15
Warning (12125): Using design file down_logic.sv, which is not specified as a design file for the current project, but contains definitions for 1 design units and 1 entities in project
    Info (12023): Found entity 1: down_logic File: C:/Users/ahmed/Desktop/New folder/down_logic.sv Line: 1
Warning (10236): Verilog HDL Implicit Net warning at down_logic.sv(3): created implicit net for "A0bar" File: C:/Users/ahmed/Desktop/New folder/down_logic.sv Line: 3
Warning (10236): Verilog HDL Implicit Net warning at down_logic.sv(4): created implicit net for "A1bar" File: C:/Users/ahmed/Desktop/New folder/down_logic.sv Line: 4
Warning (10236): Verilog HDL Implicit Net warning at down_logic.sv(8): created implicit net for "n1" File: C:/Users/ahmed/Desktop/New folder/down_logic.sv Line: 8
Warning (10236): Verilog HDL Implicit Net warning at down_logic.sv(9): created implicit net for "n2" File: C:/Users/ahmed/Desktop/New folder/down_logic.sv Line: 9
Warning (10236): Verilog HDL Implicit Net warning at down_logic.sv(12): created implicit net for "n3" File: C:/Users/ahmed/Desktop/New folder/down_logic.sv Line: 12
Warning (10236): Verilog HDL Implicit Net warning at down_logic.sv(13): created implicit net for "n4" File: C:/Users/ahmed/Desktop/New folder/down_logic.sv Line: 13
Warning (10236): Verilog HDL Implicit Net warning at down_logic.sv(14): created implicit net for "n5" File: C:/Users/ahmed/Desktop/New folder/down_logic.sv Line: 14
Info (12128): Elaborating entity "down_logic" for hierarchy "stopwatch:w|couter0to5:c15|down_logic:d1" File: C:/Users/ahmed/Desktop/New folder/couter0to5.sv Line: 25
Warning (12125): Using design file up_logic.sv, which is not specified as a design file for the current project, but contains definitions for 1 design units and 1 entities in project
    Info (12023): Found entity 1: up_logic File: C:/Users/ahmed/Desktop/New folder/up_logic.sv Line: 1
Warning (10236): Verilog HDL Implicit Net warning at up_logic.sv(3): created implicit net for "A2bar" File: C:/Users/ahmed/Desktop/New folder/up_logic.sv Line: 3
Warning (10236): Verilog HDL Implicit Net warning at up_logic.sv(9): created implicit net for "n2" File: C:/Users/ahmed/Desktop/New folder/up_logic.sv Line: 9
Warning (10236): Verilog HDL Implicit Net warning at up_logic.sv(10): created implicit net for "n1" File: C:/Users/ahmed/Desktop/New folder/up_logic.sv Line: 10
Info (12128): Elaborating entity "up_logic" for hierarchy "stopwatch:w|couter0to5:c15|up_logic:up1" File: C:/Users/ahmed/Desktop/New folder/couter0to5.sv Line: 27
Warning (12125): Using design file disp_hex_mux.sv, which is not specified as a design file for the current project, but contains definitions for 1 design units and 1 entities in project
    Info (12023): Found entity 1: disp_hex_mux File: C:/Users/ahmed/Desktop/New folder/disp_hex_mux.sv Line: 1
Info (12128): Elaborating entity "disp_hex_mux" for hierarchy "stopwatch:w|disp_hex_mux:seven4" File: C:/Users/ahmed/Desktop/New folder/stopwatch.sv Line: 27
Warning (10230): Verilog HDL assignment warning at disp_hex_mux.sv(26): truncated value with size 32 to match size of target (18) File: C:/Users/ahmed/Desktop/New folder/disp_hex_mux.sv Line: 26
Warning (12011): Net is missing source, defaulting to GND
    Warning (12110): Net "q[1]" is missing source, defaulting to GND File: C:/Users/ahmed/Desktop/New folder/highfsm.sv Line: 5
    Warning (12110): Net "q[0]" is missing source, defaulting to GND File: C:/Users/ahmed/Desktop/New folder/highfsm.sv Line: 5
    Warning (12110): Net "fnum[6]" is missing source, defaulting to GND File: C:/Users/ahmed/Desktop/New folder/highfsm.sv Line: 6
    Warning (12110): Net "fnum[5]" is missing source, defaulting to GND File: C:/Users/ahmed/Desktop/New folder/highfsm.sv Line: 6
    Warning (12110): Net "fnum[4]" is missing source, defaulting to GND File: C:/Users/ahmed/Desktop/New folder/highfsm.sv Line: 6
    Warning (12110): Net "fnum[3]" is missing source, defaulting to GND File: C:/Users/ahmed/Desktop/New folder/highfsm.sv Line: 6
    Warning (12110): Net "fnum[2]" is missing source, defaulting to GND File: C:/Users/ahmed/Desktop/New folder/highfsm.sv Line: 6
    Warning (12110): Net "fnum[1]" is missing source, defaulting to GND File: C:/Users/ahmed/Desktop/New folder/highfsm.sv Line: 6
Warning (12241): 3 hierarchies have connectivity warnings - see the Connectivity Checks report folder
Warning (13012): Latch counter:c|q[0] has unsafe behavior File: C:/Users/ahmed/Desktop/New folder/counter.sv Line: 22
    Warning (13013): Ports D and ENA on the latch are fed by the same signal counter:c|state_reg[2] File: C:/Users/ahmed/Desktop/New folder/counter.sv Line: 20
Info (13000): Registers with preset signals will power-up high File: C:/Users/ahmed/Desktop/New folder/counter.sv Line: 20
Info (13003): DEV_CLRn pin will set, and not reset, register with preset signal due to NOT Gate Push-Back
Warning (13024): Output pins are stuck at VCC or GND
    Warning (13410): Pin "an[0]" is stuck at VCC File: C:/Users/ahmed/Desktop/New folder/highfsm.sv Line: 3
    Warning (13410): Pin "an[1]" is stuck at GND File: C:/Users/ahmed/Desktop/New folder/highfsm.sv Line: 3
    Warning (13410): Pin "an[2]" is stuck at GND File: C:/Users/ahmed/Desktop/New folder/highfsm.sv Line: 3
    Warning (13410): Pin "an[3]" is stuck at GND File: C:/Users/ahmed/Desktop/New folder/highfsm.sv Line: 3
    Warning (13410): Pin "sseg[7]" is stuck at VCC File: C:/Users/ahmed/Desktop/New folder/highfsm.sv Line: 4
Info (286030): Timing-Driven Synthesis is running
Info (144001): Generated suppressed messages file C:/Users/ahmed/Desktop/New folder/output_files/highfsm.map.smsg
Info (16010): Generating hard_block partition "hard_block:auto_generated_inst"
    Info (16011): Adding 0 node(s), including 0 DDIO, 0 PLL, 0 transceiver and 0 LCELL
Warning (21074): Design contains 1 input pin(s) that do not drive logic
    Warning (15610): No output dependent on input pin "l" File: C:/Users/ahmed/Desktop/New folder/highfsm.sv Line: 2
Info (21057): Implemented 92 device resources after synthesis - the final resource count might be different
    Info (21058): Implemented 5 input pins
    Info (21059): Implemented 12 output pins
    Info (21061): Implemented 75 logic cells
Info: Quartus Prime Analysis & Synthesis was successful. 0 errors, 134 warnings
    Info: Peak virtual memory: 4737 megabytes
    Info: Processing ended: Fri Jan 07 19:43:14 2022
    Info: Elapsed time: 00:00:24
    Info: Total CPU time (on all processors): 00:00:43


+------------------------------------------+
; Analysis & Synthesis Suppressed Messages ;
+------------------------------------------+
The suppressed messages can be found in C:/Users/ahmed/Desktop/New folder/output_files/highfsm.map.smsg.


